HSRP1#show ip ospf neighbor


Neighbor ID     Pri   State           Dead Time   Address         Interface
2.2.2.2           1   FULL/BDR        00:00:34    10.0.3.253      GigabitEthernet0/0
3.3.3.3           0   FULL/  -        00:00:35    10.0.4.10       Serial0/0/1
4.4.4.4           0   FULL/  -        00:00:33    10.0.4.14       Serial0/1/0
5.5.5.5           0   FULL/  -        00:00:39    10.0.4.18       Serial0/1/1
6.6.6.6           0   FULL/  -        00:00:37    10.0.4.22       Serial0/2/0
HSRP1#
HSRP1#configure terminal
Enter configuration commands, one per line.  End with CNTL/Z.
HSRP1(config)#interface Serial0/0/0
HSRP1(config-if)#
HSRP1(config-if)#exit
HSRP1(config)#interface Serial0/0/0
HSRP1(config-if)#
HSRP1(config-if)#ex
HSRP1(config)#router ospf1
                         ^
% Invalid input detected at '^' marker.

HSRP1(config)#router ospf 1
HSRP1(config-router)#networl 203.0.13.0 0.0.3 area 0
                           ^
% Invalid input detected at '^' marker.

HSRP1(config-router)#network 203.0.13.0 0.0.3 area 0
                                        ^
% Invalid input detected at '^' marker.

HSRP1(config-router)#network 203.0.13.0 0.0.0.3 area 0
HSRP1(config-router)#ex
HSRP1(config)#do wr
Building configuration...
[OK]
HSRP1(config)#ex
HSRP1#
%SYS-5-CONFIG_I: Configured from console by console

HSRP1#show ip ospf neighbor


Neighbor ID     Pri   State           Dead Time   Address         Interface
2.2.2.2           1   FULL/BDR        00:00:35    10.0.3.253      GigabitEthernet0/0
3.3.3.3           0   FULL/  -        00:00:36    10.0.4.10       Serial0/0/1
4.4.4.4           0   FULL/  -        00:00:34    10.0.4.14       Serial0/1/0
5.5.5.5           0   FULL/  -        00:00:30    10.0.4.18       Serial0/1/1
6.6.6.6           0   FULL/  -        00:00:38    10.0.4.22       Serial0/2/0
HSRP1#
03:25:11: %OSPF-5-ADJCHG: Process 1, Nbr 7.7.7.7 on Serial0/0/0 from LOADING to FULL, Loading Done

HSRP1#show ip ospf neighbor


Neighbor ID     Pri   State           Dead Time   Address         Interface
2.2.2.2           1   FULL/BDR        00:00:38    10.0.3.253      GigabitEthernet0/0
7.7.7.7           0   FULL/  -        00:00:33    203.0.13.1      Serial0/0/0
3.3.3.3           0   FULL/  -        00:00:39    10.0.4.10       Serial0/0/1
4.4.4.4           0   FULL/  -        00:00:37    10.0.4.14       Serial0/1/0
5.5.5.5           0   FULL/  -        00:00:33    10.0.4.18       Serial0/1/1
6.6.6.6           0   FULL/  -        00:00:31    10.0.4.22       Serial0/2/0
HSRP1#
